MySQL 8 真机验证日志
时间：2026-10-06 13:19:02
环境：本机 ZIP 免安装版 MySQL，数据目录 E:\WorkBuddy\tools\mysql8-data
目标库：bupt_charging_guard_test（独立测试库，脚本会 DROP 重建四表）
命令：python scripts/verify_mysql.py --json docs/acceptance/db/01-verify-mysql.json
============================================================
== MySQL 8 真机验证（驱动 pymysql，目标 root@127.0.0.1:3306/bupt_charging_guard_test）==
  PASS  MySQL 版本为 8.x —— VERSION()=8.0.45
  INFO  sql_mode=ONLY_FULL_GROUP_BY,STRICT_TRANS_TABLES,NO_ZERO_IN_DATE,NO_ZERO_DATE,ERROR_FOR_DIVISION_BY_ZERO,NO_ENGINE_SUBSTITUTION（严格模式=True）
  PASS  表 vehicle 存在且 ENGINE=InnoDB —— ('InnoDB', 'utf8mb4_0900_ai_ci')
  PASS  表 vehicle 字符集 utf8mb4 —— utf8mb4_0900_ai_ci
  PASS  表 charging_pile 存在且 ENGINE=InnoDB —— ('InnoDB', 'utf8mb4_0900_ai_ci')
  PASS  表 charging_pile 字符集 utf8mb4 —— utf8mb4_0900_ai_ci
  PASS  表 occupation_record 存在且 ENGINE=InnoDB —— ('InnoDB', 'utf8mb4_0900_ai_ci')
  PASS  表 occupation_record 字符集 utf8mb4 —— utf8mb4_0900_ai_ci
  PASS  表 system_config 存在且 ENGINE=InnoDB —— ('InnoDB', 'utf8mb4_0900_ai_ci')
  PASS  表 system_config 字符集 utf8mb4 —— utf8mb4_0900_ai_ci
  PASS  charging_pile.status 是原生 ENUM —— enum('空闲','充电中','已充满')
  PASS  ENUM 非法值不被接受 —— 被拒（DataError）
  PASS  FK ON DELETE SET NULL 真的把 bound_plate 置空 —— 删除车辆后 bound_plate=None
  PASS  occupation_record.plate 未加外键
  PASS  DATETIME 存取往返一致（无时区） —— 读出 datetime.datetime(2026, 9, 8, 10, 0)
  PASS  occupation_record.id 自增 —— AUTO_INCREMENT=2
  PASS  system_config.`key` 反引号转义可用 —— full_timeout_min=30
  PASS  种子数据 vehicle = 6 行 —— 实际 6
  PASS  种子数据 charging_pile = 4 行 —— 实际 4
  PASS  种子数据 system_config = 2 行 —— 实际 2
============================================================
结果：19/19 通过
结果已写入：E:\user\bupt-charging-guard\docs\acceptance\db\01-verify-mysql.json
